---
source: crates/sg-syntax/src/sg_sciptect.rs
assertion_line: 438
expression: "dump_document(&document, &contents)"
---
  using System;
//^^^^^ IdentifierKeyword
//            ^ PunctuationBracket
  
  namespace Example
  {
//^ PunctuationBracket
      public void Something()
//                ^^^^^^^^^ IdentifierFunction
//                         ^ PunctuationBracket
//                          ^ PunctuationBracket
      {
//    ^ PunctuationBracket
          var x = "ä¸–ç•Œ";
//            ^ Identifier
//              ^ IdentifierOperator
//                ^ PunctuationBracket
//                 ^^ StringLiteral
//                   ^ PunctuationBracket
//                    ^ PunctuationBracket
          var y = "ä¸–ç•Œ Hello, ä¸–ç•Œ";
//            ^ Identifier
//              ^ IdentifierOperator
//                ^ PunctuationBracket
//                 ^^^^^^^^^^^^ StringLiteral
//                             ^ PunctuationBracket
//                              ^ PunctuationBracket
  
          var emoji = "ðŸ¥³";
//            ^^^^^ Identifier
//                  ^ IdentifierOperator
//                    ^ PunctuationBracket
//                     ^ StringLiteral
//                      ^ PunctuationBracket
//                       ^ PunctuationBracket
      }
//    ^ PunctuationBracket
  }
//^ PunctuationBracket

